Start 2026-08-12 09:44:56 | 13613 supervised_spec_rec | v23.clusternet | /work/home/candratschke/spectral_reconstruction_methods 

****************************************
Calling program for method:
KadesFC
Launching supervisedml.py from /work/home/candratschke/spectral_reconstruction_methods/supervised_ml/
Python executable: /work/home/candratschke/.venv/bin/python
Working directory exists: True
Script exists: True
Starting supervisedml.py
2.21.0
Finished imports
****************************************
Running fits with the following parameters:
{'FiniteT_kernel': False,
 'Nt': 36,
 'batch_size': 128,
 'correlatorCols': '3:',
 'correlatorFile': '../dat/data_wilson_emconduc_24_36_b5.845_B2_x.txt',
 'data_noise': 0.001,
 'epochs': [80],
 'errorCol': 2,
 'errorWeighting': True,
 'errormethod': 'jackknife',
 'eval_model': False,
 'extractedQuantity': 'Rho',
 'lambda_l2': [0.0001, 6.66754659e-08, 6.66754659e-08],
 'lambda_s': [1e-06, 3.55323189e-05, 3.55323189e-05],
 'learning_rate': [1e-05],
 'meanCol': 1,
 'model_file': '',
 'networkStructure': 'KadesFC',
 'omega_max': 10,
 'omega_min': 0,
 'omega_points': 500,
 'outputDir': './outputs/',
 'outputFile': '',
 'saveLossHistory': True,
 'saveParams': True,
 'verbose': True,
 'xCol': 0}
Created FitRunner
========================================
Fitting mean correlator
========================================
Loaded the dataset
Training for 80 epochs

Start of epoch 0
Batch 0/3125, Loss: 0.1310502588748932
Batch 50/3125, Loss: 0.09319735318422318
Batch 100/3125, Loss: 0.10946674644947052
Batch 150/3125, Loss: 0.09771201759576797
Batch 200/3125, Loss: 0.05246267095208168
Batch 250/3125, Loss: 0.056527771055698395
Batch 300/3125, Loss: 0.04959500581026077
Batch 350/3125, Loss: 0.04868514835834503
Batch 400/3125, Loss: 0.04371272772550583
Batch 450/3125, Loss: 0.036485228687524796
Batch 500/3125, Loss: 0.034113578498363495
Batch 550/3125, Loss: 0.031154803931713104
Batch 600/3125, Loss: 0.03241110220551491
Batch 650/3125, Loss: 0.03913144767284393
Batch 700/3125, Loss: 0.030501222237944603
Batch 750/3125, Loss: 0.027843821793794632
Batch 800/3125, Loss: 0.029544712975621223
Batch 850/3125, Loss: 0.030413569882512093
Batch 900/3125, Loss: 0.03039409965276718
Batch 950/3125, Loss: 0.022049706429243088
Batch 1000/3125, Loss: 0.018035177141427994
Batch 1050/3125, Loss: 0.0218128003180027
Batch 1100/3125, Loss: 0.020931821316480637
Batch 1150/3125, Loss: 0.017610913142561913
Batch 1200/3125, Loss: 0.019753973931074142
Batch 1250/3125, Loss: 0.01998869702219963
Batch 1300/3125, Loss: 0.01448146253824234
Batch 1350/3125, Loss: 0.016908565536141396
Batch 1400/3125, Loss: 0.017199281603097916
Batch 1450/3125, Loss: 0.011953670531511307
Batch 1500/3125, Loss: 0.014677980914711952
Batch 1550/3125, Loss: 0.010045328177511692
Batch 1600/3125, Loss: 0.021927913650870323
Batch 1650/3125, Loss: 0.012811334803700447
Batch 1700/3125, Loss: 0.015007526613771915
Batch 1750/3125, Loss: 0.013748053461313248
Batch 1800/3125, Loss: 0.014141748659312725
Batch 1850/3125, Loss: 0.013067888095974922
Batch 1900/3125, Loss: 0.012225834652781487
Batch 1950/3125, Loss: 0.009199983440339565
Batch 2000/3125, Loss: 0.011482719331979752
Batch 2050/3125, Loss: 0.016343211755156517
Batch 2100/3125, Loss: 0.018587905913591385
Batch 2150/3125, Loss: 0.01467074267566204
Batch 2200/3125, Loss: 0.010195626877248287
Batch 2250/3125, Loss: 0.010680112987756729
Batch 2300/3125, Loss: 0.011366065591573715
Batch 2350/3125, Loss: 0.009082048200070858
Batch 2400/3125, Loss: 0.01366849523037672
Batch 2450/3125, Loss: 0.009404285810887814
Batch 2500/3125, Loss: 0.010094904340803623
Batch 2550/3125, Loss: 0.011793900281190872
Batch 2600/3125, Loss: 0.009508841671049595
Batch 2650/3125, Loss: 0.008881960064172745
Batch 2700/3125, Loss: 0.009368794970214367
Batch 2750/3125, Loss: 0.009433921426534653
Batch 2800/3125, Loss: 0.011174304410815239
Batch 2850/3125, Loss: 0.013444474898278713
Batch 2900/3125, Loss: 0.006806390359997749
Batch 2950/3125, Loss: 0.00782147329300642
Batch 3000/3125, Loss: 0.011522968299686909
Batch 3050/3125, Loss: 0.009159956127405167
Batch 3100/3125, Loss: 0.00895422138273716

Start of epoch 1
Batch 0/3125, Loss: 0.010332101956009865
Batch 50/3125, Loss: 0.008145932108163834
Batch 100/3125, Loss: 0.01105509977787733
Batch 150/3125, Loss: 0.010004343464970589
Batch 200/3125, Loss: 0.013166124932467937
Batch 250/3125, Loss: 0.0069231861270964146
Batch 300/3125, Loss: 0.011229677125811577
Batch 350/3125, Loss: 0.008920216001570225
Batch 400/3125, Loss: 0.008464626967906952
Batch 450/3125, Loss: 0.007771788630634546
Batch 500/3125, Loss: 0.006424154620617628
Batch 550/3125, Loss: 0.005249189678579569
Batch 600/3125, Loss: 0.007920311763882637
Batch 650/3125, Loss: 0.010001479648053646
Batch 700/3125, Loss: 0.007595194038003683
Batch 750/3125, Loss: 0.008066925220191479
Batch 800/3125, Loss: 0.01330806314945221
Batch 850/3125, Loss: 0.008103239350020885
Batch 900/3125, Loss: 0.008475973270833492
Batch 950/3125, Loss: 0.006768994964659214
Batch 1000/3125, Loss: 0.007986562326550484
Batch 1050/3125, Loss: 0.007950317114591599
Batch 1100/3125, Loss: 0.009397657588124275
Batch 1150/3125, Loss: 0.007647715508937836
Batch 1200/3125, Loss: 0.005967570468783379
Batch 1250/3125, Loss: 0.008241686969995499
Batch 1300/3125, Loss: 0.0069434065371751785
Batch 1350/3125, Loss: 0.008443164639174938
Batch 1400/3125, Loss: 0.005288649816066027
Batch 1450/3125, Loss: 0.007809704635292292
Batch 1500/3125, Loss: 0.005787617526948452
Batch 1550/3125, Loss: 0.006373602896928787
Batch 1600/3125, Loss: 0.006068185903131962
Batch 1650/3125, Loss: 0.004591281991451979
Batch 1700/3125, Loss: 0.005982703063637018
Batch 1750/3125, Loss: 0.006122113671153784
Batch 1800/3125, Loss: 0.0066719744354486465
Batch 1850/3125, Loss: 0.0057558780536055565
Batch 1900/3125, Loss: 0.007536916062235832
Batch 1950/3125, Loss: 0.007383518386632204
Batch 2000/3125, Loss: 0.006130105350166559
Batch 2050/3125, Loss: 0.003459404921159148
Batch 2100/3125, Loss: 0.006528980564326048
Batch 2150/3125, Loss: 0.005262473598122597
Batch 2200/3125, Loss: 0.0071610258892178535
Batch 2250/3125, Loss: 0.00646921806037426
Batch 2300/3125, Loss: 0.008423373103141785
Batch 2350/3125, Loss: 0.005442270077764988
Batch 2400/3125, Loss: 0.00523837935179472
Batch 2450/3125, Loss: 0.005118618719279766
Batch 2500/3125, Loss: 0.005166172049939632
Batch 2550/3125, Loss: 0.0052053057588636875
Batch 2600/3125, Loss: 0.004596081096678972
Batch 2650/3125, Loss: 0.0056134434416890144
Batch 2700/3125, Loss: 0.0061021060682833195
Batch 2750/3125, Loss: 0.004864925518631935
Batch 2800/3125, Loss: 0.006407232489436865
Batch 2850/3125, Loss: 0.005729587748646736
Batch 2900/3125, Loss: 0.006791599560528994
Batch 2950/3125, Loss: 0.005505137611180544
Batch 3000/3125, Loss: 0.006276051513850689
Batch 3050/3125, Loss: 0.005993854720145464
Batch 3100/3125, Loss: 0.005029040388762951

Start of epoch 2
Batch 0/3125, Loss: 0.006147822365164757
Batch 50/3125, Loss: 0.007928458973765373
Batch 100/3125, Loss: 0.00573001429438591
Batch 150/3125, Loss: 0.0044443849474191666
Batch 200/3125, Loss: 0.0048213014379143715
Batch 250/3125, Loss: 0.004034501500427723
Batch 300/3125, Loss: 0.003718078136444092
Batch 350/3125, Loss: 0.005778956227004528
Batch 400/3125, Loss: 0.005922290496528149
Batch 450/3125, Loss: 0.004555543884634972
Batch 500/3125, Loss: 0.005062171723693609
Batch 550/3125, Loss: 0.006264754571020603
Batch 600/3125, Loss: 0.005145362112671137
Batch 650/3125, Loss: 0.007155199069529772
Batch 700/3125, Loss: 0.0068656085059046745
Batch 750/3125, Loss: 0.00571252079680562
Batch 800/3125, Loss: 0.005507920868694782
Batch 850/3125, Loss: 0.006265541538596153
Batch 900/3125, Loss: 0.005003842059522867
Batch 950/3125, Loss: 0.005378256551921368
Batch 1000/3125, Loss: 0.005665180739015341
Batch 1050/3125, Loss: 0.007055065594613552
Batch 1100/3125, Loss: 0.0065151662565767765
Batch 1150/3125, Loss: 0.006101398263126612
