/work/home/candratschke/spectral_reconstruction_methods/supervised_ml/supervisedml.py:668: UserWarning: Input line 1 contained no data and will not be counted towards `max_rows=1`.  This differs from the behaviour in NumPy <=1.22 which counted lines rather than rows.  If desired, the previous behaviour can be achieved by using `itertools.islice`.
Please see the 1.23 release notes for an example on how to do this.  If you wish to ignore this warning, use `warnings.filterwarnings`.  This warning is expected to be removed in the future and is given only once per `loadtxt` call.
  return list(range(start if start is not None else 0, end + 1 if end is not None else len(np.loadtxt(self.params["correlatorFile"], max_rows=1))))
/work/home/candratschke/spectral_reconstruction_methods/supervised_ml/supervisedml.py:502: RuntimeWarning: More than 20 figures have been opened. Figures created through the pyplot interface (`matplotlib.pyplot.figure`) are retained until explicitly closed and may consume too much memory. (To control this warning, see the rcParam `figure.max_open_warning`). Consider using `matplotlib.pyplot.close()`.
  plt.figure()
Traceback (most recent call last):
  File "/work/home/candratschke/spectral_reconstruction_methods/supervised_ml/supervisedml.py", line 950, in <module>
    main(paramsDefaultDict)
  File "/work/home/candratschke/spectral_reconstruction_methods/supervised_ml/supervisedml.py", line 899, in main
    results, training_loss_histories, pred_loss_histories = fitRunner.run_fits()
                                                            ^^^^^^^^^^^^^^^^^^^^
  File "/work/home/candratschke/spectral_reconstruction_methods/supervised_ml/supervisedml.py", line 789, in run_fits
    model_name = self.run_fit(self.mean, "Fitting mean correlator", results, training_loss_histories)
                 ^^^^^^^^^^^^^^^^^^^^^^^^^^^^^^^^^^^^^^^^^^^^^^^^^^^^^^^^^^^^^^^^^^^^^^^^^^^^^^^^^^^^
  File "/work/home/candratschke/spectral_reconstruction_methods/supervised_ml/supervisedml.py", line 729, in run_fit
    sf, t_loss_history, modelname = self.fitter.fitCorrelator(
                                    ^^^^^^^^^^^^^^^^^^^^^^^^^^
  File "/work/home/candratschke/spectral_reconstruction_methods/supervised_ml/supervisedml.py", line 575, in fitCorrelator
    return np.squeeze(spectralFunction), np.average(training_loss_history, axis=1), modelname
                                         ^^^^^^^^^^^^^^^^^^^^^^^^^^^^^^^^^^^^^^^^^
  File "/work/home/candratschke/.venv/lib/python3.11/site-packages/numpy/lib/_function_base_impl.py", line 567, in average
    axis = _nx.normalize_axis_tuple(axis, a.ndim, argname="axis")
           ^^^^^^^^^^^^^^^^^^^^^^^^^^^^^^^^^^^^^^^^^^^^^^^^^^^^^^
  File "/work/home/candratschke/.venv/lib/python3.11/site-packages/numpy/_core/numeric.py", line 1480, in normalize_axis_tuple
    axis = tuple(normalize_axis_index(ax, ndim, argname) for ax in axis)
           ^^^^^^^^^^^^^^^^^^^^^^^^^^^^^^^^^^^^^^^^^^^^^^^^^^^^^^^^^^^^^
  File "/work/home/candratschke/.venv/lib/python3.11/site-packages/numpy/_core/numeric.py", line 1480, in <genexpr>
    axis = tuple(normalize_axis_index(ax, ndim, argname) for ax in axis)
                 ^^^^^^^^^^^^^^^^^^^^^^^^^^^^^^^^^^^^^^^
numpy.exceptions.AxisError: axis: axis 1 is out of bounds for array of dimension 1
date: extra operand ‘%F %T’
Try 'date --help' for more information.
